// Jest Snapshot v1, https://goo.gl/fbAQLP

exports[`#Header renders properly 1`] = `
<styled.div>
  <Link
    to="/"
  >
    <Component />
  </Link>
  <styled.div>
    <Component
      data-test="header"
      onClick={[MockFunction]}
      variant="primary"
    >
      login
    </Component>
  </styled.div>
</styled.div>
`;
